00:08:51 **** Build of configuration Debug for project dsd ****
make all 
make --no-print-directory pre-build
a9-linaro-pre-build-step
' '
make --no-print-directory main-build
'Building file: ../src/helloworld.c'
'Invoking: ARM v7 gcc compiler'
arm-none-eabi-gcc -Wall -O0 -g3 -c -fmessage-length=0 -MT"src/helloworld.o" -mcpu=cortex-a9 -mfpu=vfpv3 -mfloat-abi=hard -IC:/Users/junoh/vivado23/DSD25_Termprj/00_RTL_Skeleton/workspace/design_1_wrapper_1/export/design_1_wrapper_1/sw/design_1_wrapper_1/standalone_ps7_cortexa9_0/bspinclude/include -MMD -MP -MF"src/helloworld.d" -MT"src/helloworld.o" -o "src/helloworld.o" "../src/helloworld.c"
../src/helloworld.c: In function 'main':
../src/helloworld.c:132:18: warning: unused variable 'p' [-Wunused-variable]
  132 |         uint8_t* p;
      |                  ^
'Finished building: ../src/helloworld.c'
' '
'Building file: ../src/platform.c'
'Invoking: ARM v7 gcc compiler'
arm-none-eabi-gcc -Wall -O0 -g3 -c -fmessage-length=0 -MT"src/platform.o" -mcpu=cortex-a9 -mfpu=vfpv3 -mfloat-abi=hard -IC:/Users/junoh/vivado23/DSD25_Termprj/00_RTL_Skeleton/workspace/design_1_wrapper_1/export/design_1_wrapper_1/sw/design_1_wrapper_1/standalone_ps7_cortexa9_0/bspinclude/include -MMD -MP -MF"src/platform.d" -MT"src/platform.o" -o "src/platform.o" "../src/platform.c"
'Finished building: ../src/platform.c'
' '
'Building target: dsd.elf'
'Invoking: ARM v7 gcc linker'
arm-none-eabi-gcc -mcpu=cortex-a9 -mfpu=vfpv3 -mfloat-abi=hard -Wl,-build-id=none -specs=Xilinx.spec -Wl,-T -Wl,../src/lscript.ld -LC:/Users/junoh/vivado23/DSD25_Termprj/00_RTL_Skeleton/workspace/design_1_wrapper_1/export/design_1_wrapper_1/sw/design_1_wrapper_1/standalone_ps7_cortexa9_0/bsplib/lib -o "dsd.elf"  ./src/helloworld.o ./src/platform.o   -Wl,--start-group,-lxil,-lgcc,-lc,--end-group
'Finished building target: dsd.elf'
' '
'Invoking: ARM v7 Print Size'
arm-none-eabi-size dsd.elf  |tee "dsd.elf.size"
   text	   data	    bss	    dec	    hex	filename
  26823	   1920	  22616	  51359	   c89f	dsd.elf
'Finished building: dsd.elf.size'
' '

00:08:53 Build Finished (took 1s.529ms)

