15:39:49 **** Incremental Build of configuration Debug for project dsd_termprj ****
make all 
make --no-print-directory pre-build
a9-linaro-pre-build-step
' '
make --no-print-directory main-build
'Building file: ../src/helloworld.c'
'Invoking: ARM v7 gcc compiler'
arm-none-eabi-gcc -Wall -O0 -g3 -c -fmessage-length=0 -MT"src/helloworld.o" -mcpu=cortex-a9 -mfpu=vfpv3 -mfloat-abi=hard -ID:/DSD25_Termproject_Materials_Updated250519/00_RTL_Skeleton/workspace/design_1_wrapper/export/design_1_wrapper/sw/design_1_wrapper/standalone_ps7_cortexa9_0/bspinclude/include -MMD -MP -MF"src/helloworld.d" -MT"src/helloworld.o" -o "src/helloworld.o" "../src/helloworld.c"
'Finished building: ../src/helloworld.c'
' '
'Building target: dsd_termprj.elf'
'Invoking: ARM v7 gcc linker'
arm-none-eabi-gcc -mcpu=cortex-a9 -mfpu=vfpv3 -mfloat-abi=hard -Wl,-build-id=none -specs=Xilinx.spec -Wl,-T -Wl,../src/lscript.ld -LD:/DSD25_Termproject_Materials_Updated250519/00_RTL_Skeleton/workspace/design_1_wrapper/export/design_1_wrapper/sw/design_1_wrapper/standalone_ps7_cortexa9_0/bsplib/lib -o "dsd_termprj.elf"  ./src/helloworld.o ./src/platform.o   -Wl,--start-group,-lxil,-lgcc,-lc,--end-group
'Finished building target: dsd_termprj.elf'
' '
'Invoking: ARM v7 Print Size'
arm-none-eabi-size dsd_termprj.elf  |tee "dsd_termprj.elf.size"
   text	   data	    bss	    dec	    hex	filename
  26851	   1920	  22616	  51387	   c8bb	dsd_termprj.elf
'Finished building: dsd_termprj.elf.size'
' '

15:39:50 Build Finished (took 1s.112ms)

